// Jest Snapshot v1, https://goo.gl/fbAQLP

exports[`ThemeProvider renders without props 1`] = `null`;
