// Jest Snapshot v1, https://goo.gl/fbAQLP

exports[`Landing renders without props 1`] = `
<div
  className="grid-container"
/>
`;
