// Jest Snapshot v1, https://goo.gl/fbAQLP

exports[`CardList renders without props 1`] = `
.c0 {
  padding: 0 20px;
  max-width: 400px;
  margin: auto;
  -webkit-transition: all 0.2s ease-in;
  transition: all 0.2s ease-in;
}

.c0 > div {
  padding: 5px 0;
}

<div
  className="c0"
/>
`;
